// Jest Snapshot v1, https://goo.gl/fbAQLP

exports[`should create a new user 1`] = `
Object {
  "UserRegisterEmailByEmail": Object {
    "error": "EMPTY",
    "token": "FROZEN-TOKEN",
  },
}
`;
