// Jest Snapshot v1, https://goo.gl/fbAQLP

exports[`should return 200 and return logged user 1`] = `
Object {
  "data": Object {
    "me": Object {
      "name": "Danilo",
    },
  },
}
`;
